outputs/raw_dataset.csv
date,price,competitor_price,demand,is_weekend
2024-09-14,56.52,58.0,195,1
2024-09-15,53.83,56.27,193,1
2024-09-16,55.05,52.93,185,0
2024-09-17,44.52,40.76,217,0
2024-09-18,42.11,38.53,205,0
2024-09-19,46.42,46.57,224,0
2024-09-20,47.32,47.15,211,0
2024-09-21,52.51,52.43,215,1
2024-09-22,38.57,46.08,244,1
2024-09-23,54.67,47.49,185,0
2024-09-24,46.23,39.78,187,0
2024-09-25,44.88,43.59,218,0
2024-09-26,41.95,45.98,226,0
2024-09-27,38.73,42.03,236,0
2024-09-28,51.12,49.85,193,1
2024-09-29,47.37,52.3,214,1
2024-09-30,40.55,36.86,221,0
2024-10-01,40.53,36.94,205,0
2024-10-02,45.32,48.94,218,0
2024-10-03,55.35,52.41,165,0
2024-10-04,45.71,47.45,218,0
2024-10-05,39.5,41.27,224,1
2024-10-06,45.79,46.59,225,1
2024-10-07,45.66,44.96,211,0
2024-10-08,33.54,35.1,231,0
2024-10-09,46.77,45.56,207,0
2024-10-10,45.89,51.17,215,0
2024-10-11,50.54,45.84,180,0
2024-10-12,56.31,60.37,186,1
2024-10-13,52.71,50.59,176,1
2024-10-14,45.74,46.21,208,0
2024-10-15,41.57,43.29,201,0
2024-10-16,59.98,65.67,178,0
2024-10-17,47.43,51.94,203,0
2024-10-18,47.21,38.38,193,0
2024-10-19,47.04,47.1,209,1
2024-10-20,48.17,47.61,205,1
2024-10-21,46.47,45.24,206,0
2024-10-22,44.35,40.56,203,0
2024-10-23,44.5,44.88,209,0
2024-10-24,47.09,36.78,188,0
2024-10-25,44.56,57.49,209,0
2024-10-26,43.73,44.2,227,1
2024-10-27,47.85,46.83,213,1
2024-10-28,46.07,43.39,186,0
2024-10-29,54.89,54.15,174,0
2024-10-30,34.14,32.76,227,0
2024-10-31,52.88,55.02,184,0
2024-11-01,53.68,50.7,179,0
2024-11-02,37.11,39.61,252,1
2024-11-03,45.79,42.76,218,1
2024-11-04,45.68,45.59,187,0
2024-11-05,40.53,43.03,223,0
2024-11-06,43.7,48.42,225,0
2024-11-07,42.07,44.13,215,0
2024-11-08,56.42,45.62,167,0
2024-11-09,52.37,52.59,215,1
2024-11-10,54.08,56.5,204,1
2024-11-11,51.37,56.39,194,0
2024-11-12,42.15,42.35,218,0
2024-11-13,45.2,49.09,207,0
2024-11-14,50.31,55.47,195,0
2024-11-15,41.79,39.18,200,0
2024-11-16,51.5,48.19,206,1
2024-11-17,46.77,44.44,195,1
2024-11-18,46.14,46.22,212,0
2024-11-19,51.61,46.38,180,0
2024-11-20,50.31,54.81,179,0
2024-11-21,46.33,46.42,200,0
2024-11-22,53.97,55.9,159,0
2024-11-23,42.81,41.53,221,1
2024-11-24,51.34,52.38,206,1
2024-11-25,51.26,51.96,178,0
2024-11-26,46.79,46.66,196,0
2024-11-27,50.01,54.06,212,0
2024-11-28,42.17,46.92,208,0
2024-11-29,53.09,61.19,181,0
2024-11-30,47.59,47.19,219,1
2024-12-01,45.95,46.08,229,1
2024-12-02,53.85,53.32,177,0
2024-12-03,45.13,49.5,217,0
2024-12-04,41.66,42.57,224,0
2024-12-05,40.96,40.8,203,0
2024-12-06,51.82,53.13,181,0
2024-12-07,42.44,40.59,230,1
2024-12-08,57.66,58.65,201,1
2024-12-09,38.53,32.99,216,0
2024-12-10,57.47,59.48,167,0
2024-12-11,50.09,40.68,197,0
2024-12-12,48.6,52.41,196,0
2024-12-13,46.41,49.03,202,0
2024-12-14,51.18,50.87,205,1
2024-12-15,49.04,46.47,220,1
2024-12-16,54.8,55.45,192,0
2024-12-17,49.9,42.71,188,0
2024-12-18,50.14,46.45,193,0
2024-12-19,47.62,41.39,192,0
2024-12-20,49.2,50.68,205,0
2024-12-21,51.08,54.12,183,1
2024-12-22,41.04,38.86,223,1
2024-12-23,42.9,41.22,212,0
2024-12-24,53.41,46.83,164,0
2024-12-25,50.6,53.52,200,0
2024-12-26,48.87,45.31,189,0
2024-12-27,49.94,54.31,217,0
2024-12-28,51.63,52.43,217,1
2024-12-29,47.25,55.98,219,1
2024-12-30,46.11,45.42,198,0
